// Jest Snapshot v1, https://goo.gl/fbAQLP

exports[`Formulaire affiché correctement 1`] = `
<div
  className="miseEnPage"
>
  <div
    className="corpsPage"
  >
    <div
      className="MuiContainer-root MuiContainer-maxWidthLg"
    >
      <h4
        className="MuiTypography-root titre MuiTypography-h4"
      >
        Demande de reprise d'examen
      </h4>
    </div>
    <form
      onSubmit={[Function]}
    >
      <div
        className="MuiContainer-root"
      >
        <div
          className="MuiPaper-root sectionFormulaire MuiPaper-outlined"
        >
          <div
            className="sectionFormulaireDivTitre"
          >
            <h3
              className="sectionFormulaireTitre"
            >
              INFORMATIONS PERSONNELLES
            </h3>
          </div>
          <div
            className="sectionFormulaireDivContenu"
          >
            <table
              className="affichageInfosTable"
            >
              <tbody>
                <tr>
                  <th>
                    Nom
                  </th>
                  <th>
                    Tremblay
                  </th>
                </tr>
                <tr>
                  <th>
                    Prénom
                  </th>
                  <th>
                    Jeanne
                  </th>
                </tr>
                <tr>
                  <th>
                    Code permanent
                  </th>
                  <th>
                    TREJ90021580
                  </th>
                </tr>
              </tbody>
            </table>
          </div>
        </div>
      </div>
      <div
        className="MuiContainer-root"
      >
        <div
          className="MuiPaper-root sectionFormulaire MuiPaper-outlined"
        >
          <div
            className="sectionFormulaireDivTitre"
          >
            <h3
              className="sectionFormulaireTitre"
            >
              INFORMATIONS SUR L'ABSENCE
            </h3>
          </div>
          <div
            className="sectionFormulaireDivContenu"
          >
            <div
              className="MuiGrid-root MuiGrid-container MuiGrid-spacing-xs-2 affichageInfosTable css-mhc70k-MuiGrid-root"
            >
              <div
                className="MuiGrid-root MuiGrid-item MuiGrid-grid-xs-3 css-1equabv-MuiGrid-root"
              >
                <div
                  className="MuiGrid-root MuiGrid-container css-11lq3yg-MuiGrid-root"
                >
                  <div
                    className="MuiGrid-root MuiGrid-item MuiGrid-grid-xs-4 css-gj1fbr-MuiGrid-root"
                  >
                    <label
                      className="MuiFormLabel-root MuiInputLabel-root MuiInputLabel-animated"
                      id="etiquette-signelCours"
                    >
                      Sigle du cours
                    </label>
                  </div>
                  <div
                    className="MuiGrid-root MuiGrid-item MuiGrid-grid-xs-8 css-vok43g-MuiGrid-root"
                  >
                    <div
                      className="MuiInputBase-root MuiInput-root MuiInput-underline inputStandard"
                      data-testid="sigleCoursTestId"
                      onClick={[Function]}
                      style={
                        Object {
                          "width": "90%",
                        }
                      }
                    >
                      <select
                        aria-invalid={false}
                        className="MuiSelect-root MuiSelect-select MuiInputBase-input MuiInput-input"
                        defaultValue=""
                        id="sigleCours-input"
                        multiple={false}
                        name="sigleCours"
                        onAnimationStart={[Function]}
                        onBlur={[Function]}
                        onChange={[Function]}
                        onFocus={[Function]}
                      >
                        <option
                          name="INM5151"
                          value="INM5151"
                        >
                          INM5151
                        </option>
                        <option
                          value="INF6150"
                        >
                          INF6150
                        </option>
                        <option
                          value="INF5171"
                        >
                          INF5171
                        </option>
                      </select>
                      <svg
                        aria-hidden={true}
                        className="MuiSvgIcon-root MuiSelect-icon"
                        focusable="false"
                        viewBox="0 0 24 24"
                      >
                        <path
                          d="M7 10l5 5 5-5z"
                        />
                      </svg>
                    </div>
                  </div>
                </div>
              </div>
              <div
                className="MuiGrid-root MuiGrid-item MuiGrid-grid-xs-2 css-1o7apob-MuiGrid-root"
              >
                <div
                  className="MuiGrid-root MuiGrid-container css-11lq3yg-MuiGrid-root"
                >
                  <div
                    className="MuiGrid-root MuiGrid-item MuiGrid-grid-xs-4 css-gj1fbr-MuiGrid-root"
                  >
                    <label
                      className="MuiFormLabel-root MuiInputLabel-root MuiInputLabel-animated"
                      id="etiquette-groupeCours"
                    >
                      Groupe
                    </label>
                  </div>
                  <div
                    className="MuiGrid-root MuiGrid-item MuiGrid-grid-xs-8 css-vok43g-MuiGrid-root"
                  >
                    <div
                      className="MuiFormControl-root MuiTextField-root inputStandard"
                      data-testid="groupeCoursTestId"
                      labelid="etiquette-groupeCours"
                      style={
                        Object {
                          "width": "90%",
                        }
                      }
                    >
                      <label
                        className="MuiFormLabel-root MuiInputLabel-root MuiInputLabel-formControl MuiInputLabel-animated"
                        data-shrink={false}
                        htmlFor="groupeCours-input"
                        id="groupeCours-input-label"
                      >
                        Groupe
                      </label>
                      <div
                        className="MuiInputBase-root MuiInput-root MuiInput-underline MuiInputBase-formControl MuiInput-formControl"
                        onClick={[Function]}
                      >
                        <input
                          aria-invalid={false}
                          autoFocus={false}
                          className="MuiInputBase-input MuiInput-input"
                          defaultValue=""
                          disabled={false}
                          id="groupeCours-input"
                          name="groupeCours"
                          onAnimationStart={[Function]}
                          onBlur={[Function]}
                          onChange={[Function]}
                          onFocus={[Function]}
                          required={false}
                          type="text"
                        />
                      </div>
                    </div>
                  </div>
                </div>
              </div>
              <div
                className="MuiGrid-root MuiGrid-item MuiGrid-grid-xs-3 css-1equabv-MuiGrid-root"
              >
                <div
                  className="MuiGrid-root MuiGrid-container css-11lq3yg-MuiGrid-root"
                >
                  <div
                    className="MuiGrid-root MuiGrid-item MuiGrid-grid-xs-4 css-gj1fbr-MuiGrid-root"
                  >
                    <label
                      className="MuiFormLabel-root MuiInputLabel-root MuiInputLabel-animated"
                      id="etiquette-enseignant"
                    >
                      Enseignant
                    </label>
                  </div>
                  <div
                    className="MuiGrid-root MuiGrid-item MuiGrid-grid-xs-8 css-vok43g-MuiGrid-root"
                  >
                    <div
                      className="MuiFormControl-root MuiTextField-root inputStandard"
                      data-testid="enseignantTestId"
                      labelid="etiquette-enseignant"
                      style={
                        Object {
                          "width": "90%",
                        }
                      }
                    >
                      <label
                        className="MuiFormLabel-root MuiInputLabel-root MuiInputLabel-formControl MuiInputLabel-animated"
                        data-shrink={false}
                        htmlFor="enseignant-input"
                        id="enseignant-input-label"
                      >
                        Enseignant
                      </label>
                      <div
                        className="MuiInputBase-root MuiInput-root MuiInput-underline MuiInputBase-formControl MuiInput-formControl"
                        onClick={[Function]}
                      >
                        <input
                          aria-invalid={false}
                          autoFocus={false}
                          className="MuiInputBase-input MuiInput-input"
                          defaultValue=""
                          disabled={false}
                          id="enseignant-input"
                          name="enseignant"
                          onAnimationStart={[Function]}
                          onBlur={[Function]}
                          onChange={[Function]}
                          onFocus={[Function]}
                          required={false}
                          type="text"
                        />
                      </div>
                    </div>
                  </div>
                </div>
              </div>
              <div
                className="MuiGrid-root MuiGrid-item MuiGrid-grid-xs-3 css-1equabv-MuiGrid-root"
              />
            </div>
            <div
              className="MuiGrid-root MuiGrid-container MuiGrid-spacing-xs-2 affichageInfosTable css-mhc70k-MuiGrid-root"
            >
              <div
                className="MuiGrid-root MuiGrid-item MuiGrid-grid-xs-3 css-1equabv-MuiGrid-root"
              >
                <div
                  className="MuiFormControl-root MuiTextField-root MuiFormControl-fullWidth"
                >
                  <label
                    className="MuiFormLabel-root MuiInputLabel-root MuiInputLabel-formControl MuiInputLabel-animated MuiInputLabel-shrink"
                    data-shrink={true}
                    htmlFor="dateDebut"
                    id="dateDebut-label"
                  >
                    Début de l'absence
                  </label>
                  <div
                    className="MuiInputBase-root MuiInput-root MuiInput-underline MuiInputBase-fullWidth MuiInput-fullWidth MuiInputBase-formControl MuiInput-formControl"
                    onClick={[Function]}
                  >
                    <input
                      aria-invalid={false}
                      autoFocus={false}
                      className="MuiInputBase-input MuiInput-input"
                      defaultValue="2020-01-01"
                      disabled={false}
                      id="dateDebut"
                      min="2019-10-01"
                      name="absenceDateDebut"
                      onAnimationStart={[Function]}
                      onBlur={[Function]}
                      onChange={[Function]}
                      onFocus={[Function]}
                      required={false}
                      type="date"
                    />
                  </div>
                </div>
              </div>
              <div
                className="MuiGrid-root MuiGrid-item MuiGrid-grid-xs-3 css-1equabv-MuiGrid-root"
              >
                <div
                  className="MuiFormControl-root MuiTextField-root MuiFormControl-fullWidth"
                >
                  <label
                    className="MuiFormLabel-root MuiInputLabel-root MuiInputLabel-formControl MuiInputLabel-animated MuiInputLabel-shrink"
                    data-shrink={true}
                    htmlFor="dateFin"
                    id="dateFin-label"
                  >
                    Fin de l'absence
                  </label>
                  <div
                    className="MuiInputBase-root MuiInput-root MuiInput-underline MuiInputBase-fullWidth MuiInput-fullWidth MuiInputBase-formControl MuiInput-formControl"
                    onClick={[Function]}
                  >
                    <input
                      aria-invalid={false}
                      autoFocus={false}
                      className="MuiInputBase-input MuiInput-input"
                      defaultValue=""
                      disabled={false}
                      id="dateFin"
                      max="2020-01-01"
                      name="absenceDateFin"
                      onAnimationStart={[Function]}
                      onBlur={[Function]}
                      onChange={[Function]}
                      onFocus={[Function]}
                      required={false}
                      type="date"
                    />
                  </div>
                </div>
              </div>
            </div>
            <br />
          </div>
        </div>
      </div>
      <div
        className="MuiContainer-root"
      >
        <div
          className="MuiPaper-root sectionFormulaire MuiPaper-outlined"
        >
          <div
            className="sectionFormulaireDivTitre"
          >
            <h3
              className="sectionFormulaireTitre"
            >
              JUSTIFICATION DE L'ABSENCE
            </h3>
          </div>
          <div
            className="sectionFormulaireDivContenu"
          >
            <div
              className="sectionFormulaireDivContenuRangee"
            >
              <div>
                <label
                  className="MuiFormLabel-root MuiInputLabel-root MuiInputLabel-animated"
                  id="etiquette-motif-absence"
                >
                  Motif
                </label>
                <div
                  className="MuiInputBase-root MuiInput-root MuiInput-underline inputStandard"
                  data-testid="motifTestId"
                  onClick={[Function]}
                >
                  <select
                    aria-invalid={false}
                    className="MuiSelect-root MuiSelect-select MuiInputBase-input MuiInput-input"
                    defaultValue=""
                    id="menu-motif-absence"
                    multiple={false}
                    name="motifAbsence"
                    onAnimationStart={[Function]}
                    onBlur={[Function]}
                    onChange={[Function]}
                    onFocus={[Function]}
                  >
                    <option
                      value="MEDICAL"
                    >
                      Hospitalisation
                    </option>
                    <option
                      value="DECES"
                    >
                      Décès
                    </option>
                    <option
                      value="ACCIDENT"
                    >
                      Accident
                    </option>
                    <option
                      value="JUDICIAIRE"
                    >
                      Convocation à un tribunal
                    </option>
                    <option
                      value="RELIGIEUX"
                    >
                      Motif religieux
                    </option>
                    <option
                      value="AUTRE"
                    >
                      Autre
                    </option>
                  </select>
                  <svg
                    aria-hidden={true}
                    className="MuiSvgIcon-root MuiSelect-icon"
                    focusable="false"
                    viewBox="0 0 24 24"
                  >
                    <path
                      d="M7 10l5 5 5-5z"
                    />
                  </svg>
                </div>
              </div>
              <div>
                <div
                  className="MuiFormControl-root MuiTextField-root MuiFormControl-fullWidth"
                >
                  <label
                    className="MuiFormLabel-root MuiInputLabel-root MuiInputLabel-formControl MuiInputLabel-animated MuiInputLabel-outlined"
                    data-shrink={false}
                    htmlFor="explications-input"
                    id="explications-input-label"
                  >
                    Explications détaillées
                  </label>
                  <div
                    className="MuiInputBase-root MuiOutlinedInput-root MuiInputBase-fullWidth MuiInputBase-formControl MuiInputBase-multiline MuiOutlinedInput-multiline"
                    onClick={[Function]}
                  >
                    <textarea
                      aria-invalid={false}
                      autoFocus={false}
                      className="MuiInputBase-input MuiOutlinedInput-input MuiInputBase-inputMultiline MuiOutlinedInput-inputMultiline"
                      disabled={false}
                      id="explications-input"
                      name="absenceDetails"
                      onAnimationStart={[Function]}
                      onBlur={[Function]}
                      onChange={[Function]}
                      onFocus={[Function]}
                      required={false}
                      rows={4}
                      style={
                        Object {
                          "height": -4,
                          "overflow": "hidden",
                        }
                      }
                    />
                    <textarea
                      aria-hidden={true}
                      className="MuiInputBase-input MuiOutlinedInput-input MuiInputBase-inputMultiline MuiOutlinedInput-inputMultiline"
                      readOnly={true}
                      style={
                        Object {
                          "height": 0,
                          "left": 0,
                          "overflow": "hidden",
                          "position": "absolute",
                          "top": 0,
                          "transform": "translateZ(0)",
                          "visibility": "hidden",
                        }
                      }
                      tabIndex={-1}
                    />
                    <fieldset
                      aria-hidden={true}
                      className="PrivateNotchedOutline-root-9 MuiOutlinedInput-notchedOutline"
                    >
                      <legend
                        className="PrivateNotchedOutline-legendLabelled-11"
                      >
                        <span>
                          Explications détaillées
                        </span>
                      </legend>
                    </fieldset>
                  </div>
                </div>
              </div>
              <div
                className="textColor"
              >
                <p
                  className="MuiTypography-root MuiTypography-body1 css-ahj2mt-MuiTypography-root"
                >
                  Justificatifs
                </p>
              </div>
              <div>
                Types de fichiers acceptés : JPEG, PNG et PDF 
              </div>
              <div>
                <label
                  className="sc-bczRLJ bMBuBa  "
                  htmlFor="file"
                  onClick={[Function]}
                >
                  <input
                    accept=".jpeg,.png,.pdf,.jpg"
                    multiple={true}
                    name="file"
                    onChange={[Function]}
                    onClick={[Function]}
                    type="file"
                  />
                  <div
                    className="MuiBox-root css-cksj3t"
                  >
                    <div
                      className="center"
                    >
                      <h3>
                        Glisser les pièces jointes pour ajouter des preuves justificatives
                      </h3>
                    </div>
                  </div>
                </label>
              </div>
              <div>
                <ul
                  className="afficherFichiers"
                />
              </div>
            </div>
          </div>
        </div>
      </div>
      <div
        className="MuiContainer-root MuiContainer-maxWidthLg"
      >
        <div
          className="boutonsFormulaire"
        >
          <button
            className="MuiButton-root MuiButton-outlined MuiButton-outlinedPrimary MuiButton-sizeMedium MuiButton-outlinedSizeMedium MuiButtonBase-root css-1r7wqeh-MuiButtonBase-root-MuiButton-root"
            disabled={false}
            onBlur={[Function]}
            onClick={[Function]}
            onContextMenu={[Function]}
            onDragLeave={[Function]}
            onFocus={[Function]}
            onKeyDown={[Function]}
            onKeyUp={[Function]}
            onMouseDown={[Function]}
            onMouseLeave={[Function]}
            onMouseUp={[Function]}
            onTouchEnd={[Function]}
            onTouchMove={[Function]}
            onTouchStart={[Function]}
            tabIndex={0}
            type="button"
          >
            Annuler
            <span
              className="MuiTouchRipple-root css-8je8zh-MuiTouchRipple-root"
            />
          </button>
          <button
            className="MuiButton-root MuiButton-contained MuiButton-containedPrimary MuiButton-sizeMedium MuiButton-containedSizeMedium MuiButton-disableElevation MuiButtonBase-root css-122gtp7-MuiButtonBase-root-MuiButton-root"
            disabled={false}
            id="boutonSoumettre"
            onBlur={[Function]}
            onContextMenu={[Function]}
            onDragLeave={[Function]}
            onFocus={[Function]}
            onKeyDown={[Function]}
            onKeyUp={[Function]}
            onMouseDown={[Function]}
            onMouseLeave={[Function]}
            onMouseUp={[Function]}
            onTouchEnd={[Function]}
            onTouchMove={[Function]}
            onTouchStart={[Function]}
            tabIndex={0}
            type="submit"
          >
            Soumettre
            <span
              className="MuiTouchRipple-root css-8je8zh-MuiTouchRipple-root"
            />
          </button>
        </div>
      </div>
    </form>
  </div>
</div>
`;
