// Jest Snapshot v1, https://goo.gl/fbAQLP

exports[`Formulaire affiché correctement 1`] = `
<div>
  <div
    className="corpsPage"
  >
    <div
      className="divTitre"
    >
      <h4
        className="MuiTypography-root MuiTypography-h4 titre css-5lbw0b-MuiTypography-root"
      >
        Demande de reprise d'examen
      </h4>
    </div>
    <form
      onSubmit={[Function]}
    >
      <div
        className="MuiContainer-root css-ur2jdm-MuiContainer-root"
      >
        <div
          className="MuiPaper-root MuiPaper-outlined sectionFormulaire css-mta8o9-MuiPaper-root"
        >
          <div
            className="sectionFormulaireDivTitre"
          >
            <h3
              className="sectionFormulaireTitre"
            >
              INFORMATIONS PERSONNELLES
            </h3>
          </div>
          <div
            className="sectionFormulaireDivContenu"
          >
            <table
              className="affichageInfosTable"
            >
              <tbody>
                <tr>
                  <th>
                    Nom
                  </th>
                  <th />
                </tr>
                <tr>
                  <th>
                    Prénom
                  </th>
                  <th />
                </tr>
                <tr>
                  <th>
                    Code permanent
                  </th>
                  <th />
                </tr>
              </tbody>
            </table>
          </div>
        </div>
      </div>
      <div
        className="MuiContainer-root css-ur2jdm-MuiContainer-root"
      >
        <div
          className="MuiPaper-root MuiPaper-outlined sectionFormulaire css-mta8o9-MuiPaper-root"
        >
          <div
            className="sectionFormulaireDivTitre"
          >
            <h3
              className="sectionFormulaireTitre"
            >
              EXAMENS À REPRENDRE
            </h3>
          </div>
          <div
            className="sectionFormulaireDivContenu"
          >
            <div
              className="MuiGrid-root MuiGrid-container MuiGrid-spacing-xs-2 affichageInfosTable css-mhc70k-MuiGrid-root"
            >
              <div
                className="MuiGrid-root MuiGrid-item MuiGrid-grid-xs-3 css-1equabv-MuiGrid-root"
              >
                <div
                  className="MuiGrid-root MuiGrid-container sectionFormulaireDivContenuRangee css-11lq3yg-MuiGrid-root"
                >
                  <div
                    className="MuiGrid-root MuiGrid-item MuiGrid-grid-xs-5 css-k3f0g4-MuiGrid-root"
                  >
                    <label
                      className="MuiInputLabel-root MuiInputLabel-animated MuiFormLabel-root MuiFormLabel-colorPrimary css-9npbnl-MuiFormLabel-root-MuiInputLabel-root"
                      id="etiquette-signelCours"
                    >
                      Sigle du cours
                    </label>
                  </div>
                  <div
                    className="MuiGrid-root MuiGrid-item MuiGrid-grid-xs-6 css-1osj8n2-MuiGrid-root"
                  >
                    <div
                      className="MuiOutlinedInput-root MuiInputBase-root MuiInputBase-colorPrimary inputStandard css-1yk1gt9-MuiInputBase-root-MuiOutlinedInput-root-MuiSelect-root"
                      data-testid="sigleCoursTestId"
                      onClick={[Function]}
                      style={
                        Object {
                          "width": "90%",
                        }
                      }
                    >
                      <div
                        aria-expanded="false"
                        aria-haspopup="listbox"
                        aria-labelledby="etiquette-signelCours sigleCours-input"
                        className="MuiSelect-select MuiSelect-outlined MuiOutlinedInput-input MuiInputBase-input css-11u53oe-MuiSelect-select-MuiInputBase-input-MuiOutlinedInput-input"
                        id="sigleCours-input"
                        onBlur={[Function]}
                        onFocus={[Function]}
                        onKeyDown={[Function]}
                        onMouseDown={[Function]}
                        role="button"
                        tabIndex={0}
                      >
                        <span
                          className="notranslate"
                        >
                          ​
                        </span>
                      </div>
                      <input
                        aria-hidden={true}
                        className="MuiSelect-nativeInput css-yf8vq0-MuiSelect-nativeInput"
                        name="sigleCours"
                        onAnimationStart={[Function]}
                        onChange={[Function]}
                        tabIndex={-1}
                        value=""
                      />
                      <svg
                        aria-hidden={true}
                        className="MuiSvgIcon-root MuiSvgIcon-fontSizeMedium MuiSelect-icon MuiSelect-iconOutlined css-hfutr2-MuiSvgIcon-root-MuiSelect-icon"
                        data-testid="ArrowDropDownIcon"
                        focusable="false"
                        viewBox="0 0 24 24"
                      >
                        <path
                          d="M7 10l5 5 5-5z"
                        />
                      </svg>
                      <fieldset
                        aria-hidden={true}
                        className="MuiOutlinedInput-notchedOutline css-1d3z3hw-MuiOutlinedInput-notchedOutline"
                      >
                        <legend
                          className="css-1ftyaf0"
                        >
                          <span>
                            Sigle du cours
                          </span>
                        </legend>
                      </fieldset>
                    </div>
                  </div>
                </div>
              </div>
              <div
                className="MuiGrid-root MuiGrid-item MuiGrid-grid-xs-3 css-1equabv-MuiGrid-root"
              >
                <div
                  className="MuiGrid-root MuiGrid-container sectionFormulaireDivContenuRangee css-11lq3yg-MuiGrid-root"
                >
                  <div
                    className="MuiGrid-root MuiGrid-item MuiGrid-grid-xs-3 css-1equabv-MuiGrid-root"
                  >
                    <label
                      className="MuiInputLabel-root MuiInputLabel-animated MuiFormLabel-root MuiFormLabel-colorPrimary css-9npbnl-MuiFormLabel-root-MuiInputLabel-root"
                      id="etiquette-groupeCours"
                    >
                      Groupe
                    </label>
                  </div>
                  <div
                    className="MuiGrid-root MuiGrid-item MuiGrid-grid-xs-6 css-1osj8n2-MuiGrid-root"
                  >
                    <div
                      className="MuiFormControl-root MuiTextField-root css-1u3bzj6-MuiFormControl-root-MuiTextField-root"
                      data-testid="groupeCoursTestId"
                      labelid="etiquette-groupeCours"
                    >
                      <div
                        className="MuiOutlinedInput-root MuiInputBase-root MuiInputBase-colorPrimary MuiInputBase-formControl css-9ddj71-MuiInputBase-root-MuiOutlinedInput-root"
                        onClick={[Function]}
                      >
                        <input
                          aria-invalid={false}
                          autoFocus={false}
                          className="MuiOutlinedInput-input MuiInputBase-input css-1t8l2tu-MuiInputBase-input-MuiOutlinedInput-input"
                          disabled={false}
                          id="groupeCours-input"
                          name="groupeCours"
                          onAnimationStart={[Function]}
                          onBlur={[Function]}
                          onChange={[Function]}
                          onFocus={[Function]}
                          placeholder="ex: 020"
                          readOnly={true}
                          required={false}
                          type="text"
                          value={Array []}
                        />
                        <fieldset
                          aria-hidden={true}
                          className="MuiOutlinedInput-notchedOutline css-1d3z3hw-MuiOutlinedInput-notchedOutline"
                        >
                          <legend
                            className="css-hdw1oc"
                          >
                            <span
                              className="notranslate"
                            >
                              ​
                            </span>
                          </legend>
                        </fieldset>
                      </div>
                    </div>
                  </div>
                </div>
              </div>
              <div
                className="MuiGrid-root MuiGrid-item MuiGrid-grid-xs-3 css-1equabv-MuiGrid-root"
              >
                <div
                  className="MuiGrid-root MuiGrid-container sectionFormulaireDivContenuRangee css-11lq3yg-MuiGrid-root"
                >
                  <div
                    className="MuiGrid-root MuiGrid-item MuiGrid-grid-xs-4 css-gj1fbr-MuiGrid-root"
                  >
                    <label
                      className="MuiInputLabel-root MuiInputLabel-animated MuiFormLabel-root MuiFormLabel-colorPrimary css-9npbnl-MuiFormLabel-root-MuiInputLabel-root"
                      id="etiquette-enseignant"
                    >
                      Enseignant
                    </label>
                  </div>
                  <div
                    className="MuiGrid-root MuiGrid-item MuiGrid-grid-xs-6 css-1osj8n2-MuiGrid-root"
                  >
                    <div
                      className="MuiFormControl-root MuiTextField-root css-1u3bzj6-MuiFormControl-root-MuiTextField-root"
                      data-testid="enseignantTestId"
                      labelid="etiquette-enseignant"
                    >
                      <div
                        className="MuiOutlinedInput-root MuiInputBase-root MuiInputBase-colorPrimary MuiInputBase-formControl css-9ddj71-MuiInputBase-root-MuiOutlinedInput-root"
                        onClick={[Function]}
                      >
                        <input
                          aria-invalid={false}
                          autoFocus={false}
                          className="MuiOutlinedInput-input MuiInputBase-input css-1t8l2tu-MuiInputBase-input-MuiOutlinedInput-input"
                          disabled={false}
                          id="enseignant-input"
                          name="enseignant"
                          onAnimationStart={[Function]}
                          onBlur={[Function]}
                          onChange={[Function]}
                          onFocus={[Function]}
                          placeholder="ex: Melanie Lord"
                          readOnly={true}
                          required={false}
                          type="text"
                          value={Array []}
                        />
                        <fieldset
                          aria-hidden={true}
                          className="MuiOutlinedInput-notchedOutline css-1d3z3hw-MuiOutlinedInput-notchedOutline"
                        >
                          <legend
                            className="css-hdw1oc"
                          >
                            <span
                              className="notranslate"
                            >
                              ​
                            </span>
                          </legend>
                        </fieldset>
                      </div>
                    </div>
                  </div>
                </div>
              </div>
              <div
                className="MuiGrid-root MuiGrid-item MuiGrid-grid-xs-3 css-1equabv-MuiGrid-root"
              >
                <div
                  className="MuiGrid-root MuiGrid-container sectionFormulaireDivContenuRangee css-11lq3yg-MuiGrid-root"
                >
                  <div
                    className="MuiGrid-root MuiGrid-item MuiGrid-grid-xs-5 css-k3f0g4-MuiGrid-root"
                  >
                    <label
                      className="MuiInputLabel-root MuiInputLabel-animated MuiFormLabel-root MuiFormLabel-colorPrimary css-9npbnl-MuiFormLabel-root-MuiInputLabel-root"
                      id="etiquette-descriptionExamen"
                    >
                      Type d'examen
                    </label>
                  </div>
                  <div
                    className="MuiGrid-root MuiGrid-item MuiGrid-grid-xs-6 css-1osj8n2-MuiGrid-root"
                  >
                    <div
                      className="MuiOutlinedInput-root MuiInputBase-root MuiInputBase-colorPrimary inputStandard css-1yk1gt9-MuiInputBase-root-MuiOutlinedInput-root-MuiSelect-root"
                      onClick={[Function]}
                      style={
                        Object {
                          "width": "90%",
                        }
                      }
                    >
                      <div
                        aria-expanded="false"
                        aria-haspopup="listbox"
                        aria-labelledby="descriptionExamen-input"
                        className="MuiSelect-select MuiSelect-outlined MuiOutlinedInput-input MuiInputBase-input css-11u53oe-MuiSelect-select-MuiInputBase-input-MuiOutlinedInput-input"
                        id="descriptionExamen-input"
                        onBlur={[Function]}
                        onFocus={[Function]}
                        onKeyDown={[Function]}
                        onMouseDown={[Function]}
                        role="button"
                        tabIndex={0}
                      >
                        <span
                          className="notranslate"
                        >
                          ​
                        </span>
                      </div>
                      <input
                        aria-hidden={true}
                        className="MuiSelect-nativeInput css-yf8vq0-MuiSelect-nativeInput"
                        name="descriptionExamen"
                        onAnimationStart={[Function]}
                        onChange={[Function]}
                        tabIndex={-1}
                        value=""
                      />
                      <svg
                        aria-hidden={true}
                        className="MuiSvgIcon-root MuiSvgIcon-fontSizeMedium MuiSelect-icon MuiSelect-iconOutlined css-hfutr2-MuiSvgIcon-root-MuiSelect-icon"
                        data-testid="ArrowDropDownIcon"
                        focusable="false"
                        viewBox="0 0 24 24"
                      >
                        <path
                          d="M7 10l5 5 5-5z"
                        />
                      </svg>
                      <fieldset
                        aria-hidden={true}
                        className="MuiOutlinedInput-notchedOutline css-1d3z3hw-MuiOutlinedInput-notchedOutline"
                      >
                        <legend
                          className="css-hdw1oc"
                        >
                          <span
                            className="notranslate"
                          >
                            ​
                          </span>
                        </legend>
                      </fieldset>
                    </div>
                  </div>
                </div>
              </div>
            </div>
            <br />
            <button
              className="MuiButton-root MuiButton-outlined MuiButton-outlinedPrimary MuiButton-sizeMedium MuiButton-outlinedSizeMedium MuiButtonBase-root css-1r7wqeh-MuiButtonBase-root-MuiButton-root"
              disabled={false}
              onBlur={[Function]}
              onClick={[Function]}
              onContextMenu={[Function]}
              onDragLeave={[Function]}
              onFocus={[Function]}
              onKeyDown={[Function]}
              onKeyUp={[Function]}
              onMouseDown={[Function]}
              onMouseLeave={[Function]}
              onMouseUp={[Function]}
              onTouchEnd={[Function]}
              onTouchMove={[Function]}
              onTouchStart={[Function]}
              tabIndex={0}
              type="button"
            >
              ajouter
              <span
                className="MuiTouchRipple-root css-8je8zh-MuiTouchRipple-root"
              />
            </button>
            <br />
            <br />
            <h4>
              Liste des examens à reprendre
            </h4>
            <div>
              <div
                className="MuiGrid-root MuiGrid-container MuiGrid-spacing-xs-2 css-mhc70k-MuiGrid-root"
              >
                <div
                  className="MuiGrid-root MuiGrid-item MuiGrid-grid-xs-2 css-1o7apob-MuiGrid-root"
                >
                  <label
                    className="MuiInputLabel-root MuiInputLabel-animated MuiFormLabel-root MuiFormLabel-colorPrimary css-9npbnl-MuiFormLabel-root-MuiInputLabel-root"
                    id="etiquette-descriptionExamen"
                  >
                    Type d'examen
                  </label>
                </div>
                <div
                  className="MuiGrid-root MuiGrid-item MuiGrid-grid-xs-2 css-1o7apob-MuiGrid-root"
                >
                  <label
                    className="MuiInputLabel-root MuiInputLabel-animated MuiFormLabel-root MuiFormLabel-colorPrimary css-9npbnl-MuiFormLabel-root-MuiInputLabel-root"
                    id="etiquette-sigleCours"
                  >
                    Sigle du cours
                  </label>
                </div>
                <div
                  className="MuiGrid-root MuiGrid-item MuiGrid-grid-xs-2 css-1o7apob-MuiGrid-root"
                >
                  <label
                    className="MuiInputLabel-root MuiInputLabel-animated MuiFormLabel-root MuiFormLabel-colorPrimary css-9npbnl-MuiFormLabel-root-MuiInputLabel-root"
                    id="etiquette-groupeCours"
                  >
                    Groupe
                  </label>
                </div>
                <div
                  className="MuiGrid-root MuiGrid-item MuiGrid-grid-xs-2 css-1o7apob-MuiGrid-root"
                >
                  <label
                    className="MuiInputLabel-root MuiInputLabel-animated MuiFormLabel-root MuiFormLabel-colorPrimary css-9npbnl-MuiFormLabel-root-MuiInputLabel-root"
                    id="etiquette-enseignant"
                  >
                    Enseignant
                  </label>
                </div>
              </div>
              <ul
                className="noStyleList"
              />
            </div>
          </div>
        </div>
      </div>
      <div
        className="MuiContainer-root css-ur2jdm-MuiContainer-root"
      >
        <div
          className="MuiPaper-root MuiPaper-outlined sectionFormulaire css-mta8o9-MuiPaper-root"
        >
          <div
            className="sectionFormulaireDivTitre"
          >
            <h3
              className="sectionFormulaireTitre"
            >
              INFORMATIONS ET JUSTIFICATION DE L'ABSENCE
            </h3>
          </div>
          <div
            className="sectionFormulaireDivContenu"
          >
            <div
              className="MuiGrid-root MuiGrid-container MuiGrid-spacing-xs-2 affichageInfosTable sectionFormulaireDivContenuRangee css-mhc70k-MuiGrid-root"
            >
              <div
                className="MuiGrid-root MuiGrid-item MuiGrid-grid-xs-3 css-1equabv-MuiGrid-root"
              >
                <div
                  className="MuiFormControl-root MuiFormControl-fullWidth MuiTextField-root css-wb57ya-MuiFormControl-root-MuiTextField-root"
                >
                  <label
                    className="MuiInputLabel-root MuiInputLabel-formControl MuiInputLabel-animated MuiInputLabel-shrink MuiInputLabel-outlined MuiFormLabel-root MuiFormLabel-colorPrimary css-1sumxir-MuiFormLabel-root-MuiInputLabel-root"
                    data-shrink={true}
                    htmlFor="dateDebut"
                    id="dateDebut-label"
                  >
                    Début de l'absence
                  </label>
                  <div
                    className="MuiOutlinedInput-root MuiInputBase-root MuiInputBase-colorPrimary MuiInputBase-fullWidth MuiInputBase-formControl css-md26zr-MuiInputBase-root-MuiOutlinedInput-root"
                    onClick={[Function]}
                  >
                    <input
                      aria-invalid={false}
                      autoFocus={false}
                      className="MuiOutlinedInput-input MuiInputBase-input css-1t8l2tu-MuiInputBase-input-MuiOutlinedInput-input"
                      defaultValue="2020-01-01"
                      disabled={false}
                      id="dateDebut"
                      min="2019-10-01"
                      name="absenceDateDebut"
                      onAnimationStart={[Function]}
                      onBlur={[Function]}
                      onChange={[Function]}
                      onFocus={[Function]}
                      required={false}
                      type="date"
                    />
                    <fieldset
                      aria-hidden={true}
                      className="MuiOutlinedInput-notchedOutline css-1d3z3hw-MuiOutlinedInput-notchedOutline"
                    >
                      <legend
                        className="css-1in441m"
                      >
                        <span>
                          Début de l'absence
                        </span>
                      </legend>
                    </fieldset>
                  </div>
                </div>
              </div>
              <div
                className="MuiGrid-root MuiGrid-item MuiGrid-grid-xs-3 css-1equabv-MuiGrid-root"
              >
                <div
                  className="MuiFormControl-root MuiFormControl-fullWidth MuiTextField-root css-wb57ya-MuiFormControl-root-MuiTextField-root"
                >
                  <label
                    className="MuiInputLabel-root MuiInputLabel-formControl MuiInputLabel-animated MuiInputLabel-shrink MuiInputLabel-outlined MuiFormLabel-root MuiFormLabel-colorPrimary css-1sumxir-MuiFormLabel-root-MuiInputLabel-root"
                    data-shrink={true}
                    htmlFor="dateFin"
                    id="dateFin-label"
                  >
                    Fin de l'absence
                  </label>
                  <div
                    className="MuiOutlinedInput-root MuiInputBase-root MuiInputBase-colorPrimary MuiInputBase-fullWidth MuiInputBase-formControl css-md26zr-MuiInputBase-root-MuiOutlinedInput-root"
                    onClick={[Function]}
                  >
                    <input
                      aria-invalid={false}
                      autoFocus={false}
                      className="MuiOutlinedInput-input MuiInputBase-input css-1t8l2tu-MuiInputBase-input-MuiOutlinedInput-input"
                      defaultValue=""
                      disabled={false}
                      id="dateFin"
                      name="absenceDateFin"
                      onAnimationStart={[Function]}
                      onBlur={[Function]}
                      onChange={[Function]}
                      onFocus={[Function]}
                      required={false}
                      type="date"
                    />
                    <fieldset
                      aria-hidden={true}
                      className="MuiOutlinedInput-notchedOutline css-1d3z3hw-MuiOutlinedInput-notchedOutline"
                    >
                      <legend
                        className="css-1in441m"
                      >
                        <span>
                          Fin de l'absence
                        </span>
                      </legend>
                    </fieldset>
                  </div>
                </div>
              </div>
            </div>
            <div>
              <div
                className="sectionFormulaireDivContenuRangee"
              >
                <div
                  style={
                    Object {
                      "marginRight": 10,
                    }
                  }
                >
                  <label
                    className="MuiInputLabel-root MuiInputLabel-animated MuiFormLabel-root MuiFormLabel-colorPrimary css-9npbnl-MuiFormLabel-root-MuiInputLabel-root"
                    id="etiquette-motif-absence"
                  >
                    Motif
                  </label>
                </div>
                <div>
                  <div
                    className="MuiOutlinedInput-root MuiInputBase-root MuiInputBase-colorPrimary inputStandard css-1yk1gt9-MuiInputBase-root-MuiOutlinedInput-root-MuiSelect-root"
                    data-testid="motifTestId"
                    onClick={[Function]}
                  >
                    <div
                      aria-expanded="false"
                      aria-haspopup="listbox"
                      aria-labelledby="etiquette-motif-absence menu-motif-absence"
                      className="MuiSelect-select MuiSelect-outlined MuiOutlinedInput-input MuiInputBase-input css-11u53oe-MuiSelect-select-MuiInputBase-input-MuiOutlinedInput-input"
                      id="menu-motif-absence"
                      onBlur={[Function]}
                      onFocus={[Function]}
                      onKeyDown={[Function]}
                      onMouseDown={[Function]}
                      role="button"
                      tabIndex={0}
                    >
                      <span
                        className="notranslate"
                      >
                        ​
                      </span>
                    </div>
                    <input
                      aria-hidden={true}
                      className="MuiSelect-nativeInput css-yf8vq0-MuiSelect-nativeInput"
                      name="motifAbsence"
                      onAnimationStart={[Function]}
                      onChange={[Function]}
                      tabIndex={-1}
                      value=""
                    />
                    <svg
                      aria-hidden={true}
                      className="MuiSvgIcon-root MuiSvgIcon-fontSizeMedium MuiSelect-icon MuiSelect-iconOutlined css-hfutr2-MuiSvgIcon-root-MuiSelect-icon"
                      data-testid="ArrowDropDownIcon"
                      focusable="false"
                      viewBox="0 0 24 24"
                    >
                      <path
                        d="M7 10l5 5 5-5z"
                      />
                    </svg>
                    <fieldset
                      aria-hidden={true}
                      className="MuiOutlinedInput-notchedOutline css-1d3z3hw-MuiOutlinedInput-notchedOutline"
                    >
                      <legend
                        className="css-1ftyaf0"
                      >
                        <span>
                          Motif
                        </span>
                      </legend>
                    </fieldset>
                  </div>
                </div>
              </div>
              <div
                className="sectionFormulaireDivContenuRangee"
              >
                <div
                  className="MuiFormControl-root MuiFormControl-fullWidth MuiTextField-root css-wb57ya-MuiFormControl-root-MuiTextField-root"
                >
                  <label
                    className="MuiInputLabel-root MuiInputLabel-formControl MuiInputLabel-animated MuiInputLabel-outlined MuiFormLabel-root MuiFormLabel-colorPrimary css-14s5rfu-MuiFormLabel-root-MuiInputLabel-root"
                    data-shrink={false}
                    htmlFor="explications-input"
                    id="explications-input-label"
                  >
                    Explications détaillées
                  </label>
                  <div
                    className="MuiOutlinedInput-root MuiInputBase-root MuiInputBase-colorPrimary MuiInputBase-fullWidth MuiInputBase-formControl MuiInputBase-multiline css-8ewcdo-MuiInputBase-root-MuiOutlinedInput-root"
                    onClick={[Function]}
                  >
                    <textarea
                      aria-invalid={false}
                      autoFocus={false}
                      className="MuiOutlinedInput-input MuiInputBase-input MuiInputBase-inputMultiline css-1sqnrkk-MuiInputBase-input-MuiOutlinedInput-input"
                      disabled={false}
                      id="explications-input"
                      name="absenceDetails"
                      onAnimationStart={[Function]}
                      onBlur={[Function]}
                      onChange={[Function]}
                      onFocus={[Function]}
                      required={false}
                      style={
                        Object {
                          "height": 0,
                          "overflow": "hidden",
                        }
                      }
                    />
                    <textarea
                      aria-hidden={true}
                      className="MuiOutlinedInput-input MuiInputBase-input MuiInputBase-inputMultiline css-1sqnrkk-MuiInputBase-input-MuiOutlinedInput-input"
                      readOnly={true}
                      style={
                        Object {
                          "height": 0,
                          "left": 0,
                          "overflow": "hidden",
                          "padding": 0,
                          "position": "absolute",
                          "top": 0,
                          "transform": "translateZ(0)",
                          "visibility": "hidden",
                        }
                      }
                      tabIndex={-1}
                    />
                    <fieldset
                      aria-hidden={true}
                      className="MuiOutlinedInput-notchedOutline css-1d3z3hw-MuiOutlinedInput-notchedOutline"
                    >
                      <legend
                        className="css-1ftyaf0"
                      >
                        <span>
                          Explications détaillées
                        </span>
                      </legend>
                    </fieldset>
                  </div>
                </div>
              </div>
              <div
                className="textColor sectionFormulaireDivContenuRangee"
              >
                <p
                  className="MuiTypography-root MuiTypography-body1 css-ahj2mt-MuiTypography-root"
                >
                  Justificatifs
                </p>
              </div>
              <div
                className="sectionFormulaireDivContenuRangee"
              >
                Types de fichiers acceptés : JPEG, PNG et PDF 
              </div>
              <div
                className="sectionFormulaireDivContenuRangee"
              >
                <label
                  className="sc-bczRLJ bMBuBa  "
                  htmlFor="file"
                  onClick={[Function]}
                >
                  <input
                    accept=".jpeg,.png,.pdf,.jpg"
                    multiple={true}
                    name="file"
                    onChange={[Function]}
                    onClick={[Function]}
                    type="file"
                  />
                  <div
                    className="MuiBox-root css-cksj3t"
                  >
                    <div
                      className="center"
                    >
                      <h3>
                        Glisser les pièces jointes pour ajouter des preuves justificatives
                      </h3>
                    </div>
                  </div>
                </label>
              </div>
              <div>
                <ul
                  className="afficherFichiers"
                />
              </div>
            </div>
          </div>
        </div>
      </div>
      <div>
        <div
          className="boutonsFormulaire"
        >
          <button
            className="MuiButton-root MuiButton-outlined MuiButton-outlinedPrimary MuiButton-sizeMedium MuiButton-outlinedSizeMedium MuiButtonBase-root css-1r7wqeh-MuiButtonBase-root-MuiButton-root"
            disabled={false}
            onBlur={[Function]}
            onClick={[Function]}
            onContextMenu={[Function]}
            onDragLeave={[Function]}
            onFocus={[Function]}
            onKeyDown={[Function]}
            onKeyUp={[Function]}
            onMouseDown={[Function]}
            onMouseLeave={[Function]}
            onMouseUp={[Function]}
            onTouchEnd={[Function]}
            onTouchMove={[Function]}
            onTouchStart={[Function]}
            tabIndex={0}
            type="button"
          >
            Annuler
            <span
              className="MuiTouchRipple-root css-8je8zh-MuiTouchRipple-root"
            />
          </button>
          <button
            className="MuiButton-root MuiButton-contained MuiButton-containedPrimary MuiButton-sizeMedium MuiButton-containedSizeMedium MuiButton-disableElevation MuiButtonBase-root Mui-disabled css-122gtp7-MuiButtonBase-root-MuiButton-root"
            disabled={true}
            id="boutonSoumettre"
            onBlur={[Function]}
            onContextMenu={[Function]}
            onDragLeave={[Function]}
            onFocus={[Function]}
            onKeyDown={[Function]}
            onKeyUp={[Function]}
            onMouseDown={[Function]}
            onMouseLeave={[Function]}
            onMouseUp={[Function]}
            onTouchEnd={[Function]}
            onTouchMove={[Function]}
            onTouchStart={[Function]}
            tabIndex={-1}
            type="submit"
          >
            Soumettre
          </button>
        </div>
      </div>
    </form>
  </div>
</div>
`;
